com/personaltools/ppmtool/services/CustomUserDetailsService.class
com/personaltools/ppmtool/security/SecurityConstants.class
com/personaltools/ppmtool/web/ProjectController.class
com/personaltools/ppmtool/exceptions/ProjectNotFoundException.class
com/personaltools/ppmtool/services/ProjectService.class
com/personaltools/ppmtool/services/UserService.class
com/personaltools/ppmtool/exceptions/InvalidLoginResponse.class
com/personaltools/ppmtool/payload/LoginRequest.class
com/personaltools/ppmtool/domain/Project.class
com/personaltools/ppmtool/security/SecurityConfig.class
com/personaltools/ppmtool/exceptions/ProjectNotFoundExceptionResponse.class
com/personaltools/ppmtool/domain/Backlog.class
com/personaltools/ppmtool/repositories/ProjectTaskRepository.class
com/personaltools/ppmtool/domain/ProjectTask.class
com/personaltools/ppmtool/services/MapValidationErrorService.class
com/personaltools/ppmtool/security/JwtAuthenticationFilter.class
com/personaltools/ppmtool/security/JwtTokenProvider.class
com/personaltools/ppmtool/repositories/ProjectRepository.class
com/personaltools/ppmtool/services/ProjectTaskService.class
com/personaltools/ppmtool/security/JwtAuthenticationEntryPoint.class
com/personaltools/ppmtool/exceptions/ProjectIdExceptionResponse.class
com/personaltools/ppmtool/validator/UserValidator.class
com/personaltools/ppmtool/web/BacklogController.class
com/personaltools/ppmtool/PpmtoolApplication.class
com/personaltools/ppmtool/payload/JWTLoginSuccessResponse.class
com/personaltools/ppmtool/exceptions/UsernameAlreadyExistsResponse.class
com/personaltools/ppmtool/web/UserController.class
com/personaltools/ppmtool/exceptions/ProjectIdException.class
com/personaltools/ppmtool/repositories/UserRepository.class
com/personaltools/ppmtool/exceptions/UsernameAlreadyExistsException.class
com/personaltools/ppmtool/domain/User.class
com/personaltools/ppmtool/repositories/BacklogRepository.class
com/personaltools/ppmtool/exceptions/CustomResponseEntityExceptionHandler.class
