/Users/talgattulegenov/Desktop/Heroku Spring App/PPMToolFullStack/src/main/java/com/personaltools/ppmtool/exceptions/UsernameAlreadyExistsResponse.java
/Users/talgattulegenov/Desktop/Heroku Spring App/PPMToolFullStack/src/main/java/com/personaltools/ppmtool/services/CustomUserDetailsService.java
/Users/talgattulegenov/Desktop/Heroku Spring App/PPMToolFullStack/src/main/java/com/personaltools/ppmtool/exceptions/UsernameAlreadyExistsException.java
/Users/talgattulegenov/Desktop/Heroku Spring App/PPMToolFullStack/src/main/java/com/personaltools/ppmtool/PpmtoolApplication.java
/Users/talgattulegenov/Desktop/Heroku Spring App/PPMToolFullStack/src/main/java/com/personaltools/ppmtool/web/UserController.java
/Users/talgattulegenov/Desktop/Heroku Spring App/PPMToolFullStack/src/main/java/com/personaltools/ppmtool/domain/Backlog.java
/Users/talgattulegenov/Desktop/Heroku Spring App/PPMToolFullStack/src/main/java/com/personaltools/ppmtool/security/SecurityConfig.java
/Users/talgattulegenov/Desktop/Heroku Spring App/PPMToolFullStack/src/main/java/com/personaltools/ppmtool/security/JwtAuthenticationFilter.java
/Users/talgattulegenov/Desktop/Heroku Spring App/PPMToolFullStack/src/main/java/com/personaltools/ppmtool/domain/Project.java
/Users/talgattulegenov/Desktop/Heroku Spring App/PPMToolFullStack/src/main/java/com/personaltools/ppmtool/payload/JWTLoginSuccessResponse.java
/Users/talgattulegenov/Desktop/Heroku Spring App/PPMToolFullStack/src/main/java/com/personaltools/ppmtool/exceptions/CustomResponseEntityExceptionHandler.java
/Users/talgattulegenov/Desktop/Heroku Spring App/PPMToolFullStack/src/main/java/com/personaltools/ppmtool/payload/LoginRequest.java
/Users/talgattulegenov/Desktop/Heroku Spring App/PPMToolFullStack/src/main/java/com/personaltools/ppmtool/services/ProjectService.java
/Users/talgattulegenov/Desktop/Heroku Spring App/PPMToolFullStack/src/main/java/com/personaltools/ppmtool/services/UserService.java
/Users/talgattulegenov/Desktop/Heroku Spring App/PPMToolFullStack/src/main/java/com/personaltools/ppmtool/web/ProjectController.java
/Users/talgattulegenov/Desktop/Heroku Spring App/PPMToolFullStack/src/main/java/com/personaltools/ppmtool/security/JwtTokenProvider.java
/Users/talgattulegenov/Desktop/Heroku Spring App/PPMToolFullStack/src/main/java/com/personaltools/ppmtool/exceptions/InvalidLoginResponse.java
/Users/talgattulegenov/Desktop/Heroku Spring App/PPMToolFullStack/src/main/java/com/personaltools/ppmtool/domain/ProjectTask.java
/Users/talgattulegenov/Desktop/Heroku Spring App/PPMToolFullStack/src/main/java/com/personaltools/ppmtool/web/BacklogController.java
/Users/talgattulegenov/Desktop/Heroku Spring App/PPMToolFullStack/src/main/java/com/personaltools/ppmtool/services/MapValidationErrorService.java
/Users/talgattulegenov/Desktop/Heroku Spring App/PPMToolFullStack/src/main/java/com/personaltools/ppmtool/validator/UserValidator.java
/Users/talgattulegenov/Desktop/Heroku Spring App/PPMToolFullStack/src/main/java/com/personaltools/ppmtool/exceptions/ProjectIdExceptionResponse.java
/Users/talgattulegenov/Desktop/Heroku Spring App/PPMToolFullStack/src/main/java/com/personaltools/ppmtool/repositories/ProjectRepository.java
/Users/talgattulegenov/Desktop/Heroku Spring App/PPMToolFullStack/src/main/java/com/personaltools/ppmtool/repositories/UserRepository.java
/Users/talgattulegenov/Desktop/Heroku Spring App/PPMToolFullStack/src/main/java/com/personaltools/ppmtool/security/SecurityConstants.java
/Users/talgattulegenov/Desktop/Heroku Spring App/PPMToolFullStack/src/main/java/com/personaltools/ppmtool/exceptions/ProjectIdException.java
/Users/talgattulegenov/Desktop/Heroku Spring App/PPMToolFullStack/src/main/java/com/personaltools/ppmtool/exceptions/ProjectNotFoundException.java
/Users/talgattulegenov/Desktop/Heroku Spring App/PPMToolFullStack/src/main/java/com/personaltools/ppmtool/domain/User.java
/Users/talgattulegenov/Desktop/Heroku Spring App/PPMToolFullStack/src/main/java/com/personaltools/ppmtool/repositories/ProjectTaskRepository.java
/Users/talgattulegenov/Desktop/Heroku Spring App/PPMToolFullStack/src/main/java/com/personaltools/ppmtool/exceptions/ProjectNotFoundExceptionResponse.java
/Users/talgattulegenov/Desktop/Heroku Spring App/PPMToolFullStack/src/main/java/com/personaltools/ppmtool/security/JwtAuthenticationEntryPoint.java
/Users/talgattulegenov/Desktop/Heroku Spring App/PPMToolFullStack/src/main/java/com/personaltools/ppmtool/repositories/BacklogRepository.java
/Users/talgattulegenov/Desktop/Heroku Spring App/PPMToolFullStack/src/main/java/com/personaltools/ppmtool/services/ProjectTaskService.java
